[preview.colorlib.com/theme/ashion/index.html]
[backblue.gif]
[fade.gif]
[index.html]
[preview.colorlib.com/theme/ashion/css/bootstrap.min.css+font-awesome.min.css+elegant-icons.css+jquery-ui.min.css+magnific-popup.css+owl.carousel.min.css+slicknav.min.css+style.css.pagespeed.cc.TqZU-qSV-1.css]
[preview.colorlib.com/theme/ashion/index-2.html]
[preview.colorlib.com/theme/ashion/img/xlogo.png.pagespeed.ic.dMEbYJQQLP.png]
[preview.colorlib.com/theme/ashion/shop.html]
[preview.colorlib.com/theme/ashion/product-details.html]
[preview.colorlib.com/theme/ashion/shop-cart.html]
[preview.colorlib.com/theme/ashion/checkout.html]
[preview.colorlib.com/theme/ashion/blog-details.html]
[preview.colorlib.com/theme/ashion/blog.html]
[preview.colorlib.com/theme/ashion/contact.html]
[preview.colorlib.com/theme/ashion/img/product/product-1.jpg]
[preview.colorlib.com/theme/ashion/img/product/product-2.jpg]
[preview.colorlib.com/theme/ashion/img/product/product-3.jpg]
[preview.colorlib.com/theme/ashion/img/product/product-4.jpg]
[preview.colorlib.com/theme/ashion/img/product/product-5.jpg]
[preview.colorlib.com/theme/ashion/img/product/product-6.jpg]
[preview.colorlib.com/theme/ashion/img/product/product-7.jpg]
[preview.colorlib.com/theme/ashion/img/product/product-8.jpg]
[preview.colorlib.com/theme/ashion/img/trend/xht-1.jpg.pagespeed.ic.jRsl05-jGq.jpg]
[preview.colorlib.com/theme/ashion/img/trend/xht-2.jpg.pagespeed.ic.MBYmEJ2Erh.jpg]
[preview.colorlib.com/theme/ashion/img/trend/xht-3.jpg.pagespeed.ic.AFuVIGuv0U.jpg]
[preview.colorlib.com/theme/ashion/img/trend/xbs-1.jpg.pagespeed.ic.lXhtNSXv0A.jpg]
[preview.colorlib.com/theme/ashion/img/trend/xbs-2.jpg.pagespeed.ic.6YF5Q22-Ix.jpg]
[preview.colorlib.com/theme/ashion/img/trend/xbs-3.jpg.pagespeed.ic.nNZ45KjrMi.jpg]
[preview.colorlib.com/theme/ashion/img/trend/xf-1.jpg.pagespeed.ic.LwEIHvJYLu.jpg]
[preview.colorlib.com/theme/ashion/img/trend/xf-2.jpg.pagespeed.ic.gOI6M0zzrL.jpg]
[preview.colorlib.com/theme/ashion/img/trend/xf-3.jpg.pagespeed.ic.5CGI-NcGYq.jpg]
[preview.colorlib.com/theme/ashion/img/xdiscount.jpg.pagespeed.ic.pxZfPTwRzy.jpg]
[preview.colorlib.com/theme/ashion/img/payment/xpayment-1.png.pagespeed.ic.i27H914Fvu.png]
[preview.colorlib.com/theme/ashion/img/payment/payment-2.png]
[preview.colorlib.com/theme/ashion/img/payment/payment-3.png]
[preview.colorlib.com/theme/ashion/img/payment/payment-4.png]
[preview.colorlib.com/theme/ashion/img/payment/payment-5.png]
[preview.colorlib.com/theme/ashion/js/jquery-3.3.1.min.js]
[preview.colorlib.com/theme/ashion/js/bootstrap.min.js+jquery.magnific-popup.min.js.pagespeed.jc.daGAL4o1Pf.js]
[preview.colorlib.com/theme/ashion/js/jquery-ui.min.js]
[preview.colorlib.com/theme/ashion/js/mixitup.min.js]
[preview.colorlib.com/theme/ashion/js/jquery.countdown.min.js+jquery.slicknav.js+owl.carousel.min.js.pagespeed.jc.18IAooX3Fq.js]
[preview.colorlib.com/theme/ashion/js/jquery.nicescroll.min.js]
[preview.colorlib.com/theme/ashion/index.html]
[preview.colorlib.com/theme/ashion/js/main.js]
[preview.colorlib.com/theme/ashion/fonts/fontawesome-webfont3e6e.eot]
[preview.colorlib.com/theme/ashion/fonts/fontawesome-webfontd41d.eot]
[preview.colorlib.com/theme/ashion/fonts/fontawesome-webfont3e6e.woff2]
[preview.colorlib.com/theme/ashion/fonts/fontawesome-webfont3e6e.woff]
[preview.colorlib.com/theme/ashion/fonts/fontawesome-webfont3e6e.ttf]
[preview.colorlib.com/theme/ashion/fonts/fontawesome-webfont3e6e.svg]
[preview.colorlib.com/theme/ashion/fonts/ElegantIcons.eot]
[preview.colorlib.com/theme/ashion/fonts/ElegantIconsd41d.eot]
[preview.colorlib.com/theme/ashion/fonts/ElegantIcons.woff]
[preview.colorlib.com/theme/ashion/fonts/ElegantIcons.ttf]
[preview.colorlib.com/theme/ashion/css/images/ui-icons_444444_256x240.png]
[preview.colorlib.com/theme/ashion/css/images/ui-icons_555555_256x240.png]
[preview.colorlib.com/theme/ashion/fonts/ElegantIcons.svg]
[preview.colorlib.com/theme/ashion/css/images/ui-icons_ffffff_256x240.png]
[preview.colorlib.com/theme/ashion/css/images/ui-icons_777620_256x240.png]
[preview.colorlib.com/theme/ashion/css/images/ui-icons_777777_256x240.png]
[preview.colorlib.com/theme/ashion/css/owl.video.play.png]
[preview.colorlib.com/theme/ashion/css/bootstrap.min.css+font-awesome.min.css+elegant-icons.css+jquery-ui.min.css+magnific-popup.css+owl.carousel.min.css+slicknav.min.css+style.css.pagespeed.cc.TqZU-qSV-1.css]
[preview.colorlib.com/cdn-cgi/zaraz/sd0d9.html]
[preview.colorlib.com/theme/ashion/img/payment/xpayment-2.png.pagespeed.ic.vsRq3-iyeB.png]
[preview.colorlib.com/theme/ashion/css/A.bootstrap.min.css+font-awesome.min.css+elegant-icons.css+jquery-ui.min.css+magnific-popup.css+owl.carousel.min.css+slicknav.min.css+style.css,Mcc.TqZU-qSV-1.css.pagespeed.cf.o]
[preview.colorlib.com/theme/ashion/img/payment/xpayment-3.png.pagespeed.ic.XIsMmJrav6.png]
[preview.colorlib.com/theme/ashion/img/payment/xpayment-4.png.pagespeed.ic.0osXNwgIrJ.png]
[preview.colorlib.com/theme/ashion/img/payment/xpayment-5.png.pagespeed.ic.L93IpQaNVe.png]
[preview.colorlib.com/theme/ashion/index-2.html]
[preview.colorlib.com/theme/ashion/img/shop/shop-1.jpg]
[preview.colorlib.com/theme/ashion/img/shop/shop-2.jpg]
[preview.colorlib.com/theme/ashion/img/shop/shop-3.jpg]
[preview.colorlib.com/theme/ashion/img/shop/shop-4.jpg]
[preview.colorlib.com/theme/ashion/img/shop/shop-5.jpg]
[preview.colorlib.com/theme/ashion/img/shop/shop-6.jpg]
[preview.colorlib.com/theme/ashion/img/shop/shop-7.jpg]
[preview.colorlib.com/theme/ashion/img/shop/shop-8.jpg]
[preview.colorlib.com/theme/ashion/img/shop/shop-9.jpg]
[preview.colorlib.com/theme/ashion/shop.html]
[preview.colorlib.com/theme/ashion/img/product/details/xthumb-1.jpg.pagespeed.ic.dhgum41cuw.jpg]
[preview.colorlib.com/theme/ashion/img/product/details/xthumb-2.jpg.pagespeed.ic.YtxSQ5id2I.jpg]
[preview.colorlib.com/theme/ashion/img/product/details/thumb-3.jpg]
[preview.colorlib.com/theme/ashion/img/product/details/thumb-4.jpg]
[preview.colorlib.com/theme/ashion/img/product/details/product-1.jpg]
[preview.colorlib.com/theme/ashion/img/product/details/product-3.jpg]
[preview.colorlib.com/theme/ashion/img/product/details/product-2.jpg]
[preview.colorlib.com/theme/ashion/img/product/details/product-4.jpg]
[preview.colorlib.com/theme/ashion/img/product/related/rp-1.jpg]
[preview.colorlib.com/theme/ashion/img/product/related/rp-2.jpg]
[preview.colorlib.com/theme/ashion/img/product/related/rp-3.jpg]
[preview.colorlib.com/theme/ashion/img/product/related/rp-4.jpg]
[preview.colorlib.com/theme/ashion/product-details.html]
[preview.colorlib.com/theme/ashion/img/shop-cart/xcp-1.jpg.pagespeed.ic.jRsl05-jGq.jpg]
[preview.colorlib.com/theme/ashion/img/shop-cart/xcp-2.jpg.pagespeed.ic.6YF5Q22-Ix.jpg]
[preview.colorlib.com/theme/ashion/img/shop-cart/xcp-3.jpg.pagespeed.ic.lXhtNSXv0A.jpg]
[preview.colorlib.com/theme/ashion/img/shop-cart/cp-4.jpg]
[preview.colorlib.com/theme/ashion/shop-cart.html]
[preview.colorlib.com/theme/ashion/checkout.html]
[preview.colorlib.com/theme/ashion/img/blog/details/blog-details.jpg]
[preview.colorlib.com/theme/ashion/img/blog/details/comment-1.jpg]
[preview.colorlib.com/theme/ashion/img/blog/details/comment-2.jpg]
[preview.colorlib.com/theme/ashion/img/blog/details/comment-3.jpg]
[preview.colorlib.com/theme/ashion/img/blog/sidebar/fp-1.jpg]
[preview.colorlib.com/theme/ashion/img/blog/sidebar/fp-2.jpg]
[preview.colorlib.com/theme/ashion/img/blog/sidebar/fp-3.jpg]
[preview.colorlib.com/theme/ashion/blog-details.html]
[preview.colorlib.com/theme/ashion/blog.html]
[preview.colorlib.com/theme/ashion/img/instagram/insta-1.jpg]
[preview.colorlib.com/theme/ashion/img/instagram/insta-2.jpg]
[preview.colorlib.com/theme/ashion/img/instagram/insta-3.jpg]
[preview.colorlib.com/theme/ashion/img/instagram/insta-4.jpg]
[preview.colorlib.com/theme/ashion/img/instagram/insta-5.jpg]
[preview.colorlib.com/theme/ashion/img/instagram/insta-6.jpg]
[preview.colorlib.com/theme/ashion/contact.html]
[preview.colorlib.com/cdn-cgi/scripts/5c5dd728/cloudflare-static/email-decode.min.js]
[preview.colorlib.com/theme/ashion/fonts/fontawesome-webfont3e6e.svg]
[preview.colorlib.com/theme/ashion/fonts/ElegantIcons.svg]
[preview.colorlib.com/theme/ashion/css/images/ui-icons_444444_256x240.html]
[preview.colorlib.com/theme/ashion/css/images/ui-icons_555555_256x240.html]
[preview.colorlib.com/theme/ashion/css/images/ui-icons_ffffff_256x240.html]
[preview.colorlib.com/theme/ashion/css/images/ui-icons_777620_256x240.html]
[preview.colorlib.com/theme/ashion/css/images/ui-icons_777777_256x240.html]
[preview.colorlib.com/theme/ashion/css/owl.video.play.html]
[preview.colorlib.com/theme/ashion/css/A.bootstrap.min.css+font-awesome.min.css+elegant-icons.css+jquery-ui.min.css+magnific-popup.css+owl.carousel.min.css+slicknav.min.css+style.css,Mcc.TqZU-qSV-1.css.pagespeed.cf.o]
